{"level":"ERROR","location":"[get_call:165] fyersModel","message":{"API":"/history","Error":{"code":-300,"message":"Invalid symbol provided","s":"error"}},"timestamp":"2026-05-24 23:04:51,493+0530","service":"FyersAPI"}
{"level":"ERROR","location":"[get_call:165] fyersModel","message":{"API":"/history","Error":{"code":-300,"message":"Invalid symbol provided","s":"error"}},"timestamp":"2026-05-24 23:04:52,563+0530","service":"FyersAPI"}
{"level":"ERROR","location":"[get_call:165] fyersModel","message":{"API":"/history","Error":{"code":-300,"message":"Invalid symbol provided","s":"error"}},"timestamp":"2026-05-24 23:04:53,647+0530","service":"FyersAPI"}
{"level":"ERROR","location":"[get_call:165] fyersModel","message":{"API":"/history","Error":{"code":429,"message":"request limit reached","s":"error"}},"timestamp":"2026-05-24 23:04:54,565+0530","service":"FyersAPI"}
{"level":"ERROR","location":"[get_call:165] fyersModel","message":{"API":"/history","Error":{"code":-300,"message":"Invalid symbol provided","s":"error"}},"timestamp":"2026-05-24 23:04:55,809+0530","service":"FyersAPI"}
{"level":"ERROR","location":"[get_call:165] fyersModel","message":{"API":"/history","Error":{"code":-300,"message":"Invalid symbol provided","s":"error"}},"timestamp":"2026-05-24 23:04:56,888+0530","service":"FyersAPI"}
{"level":"ERROR","location":"[get_call:165] fyersModel","message":{"API":"/history","Error":{"code":-300,"message":"Invalid symbol provided","s":"error"}},"timestamp":"2026-05-24 23:04:58,122+0530","service":"FyersAPI"}
{"level":"ERROR","location":"[get_call:165] fyersModel","message":{"API":"/history","Error":{"code":-300,"message":"Invalid symbol provided","s":"error"}},"timestamp":"2026-05-24 23:11:16,453+0530","service":"FyersAPI"}
{"level":"ERROR","location":"[get_call:165] fyersModel","message":{"API":"/history","Error":{"code":-300,"message":"Invalid symbol provided","s":"error"}},"timestamp":"2026-05-24 23:11:17,559+0530","service":"FyersAPI"}
{"level":"ERROR","location":"[get_call:165] fyersModel","message":{"API":"/history","Error":{"code":-300,"message":"Invalid symbol provided","s":"error"}},"timestamp":"2026-05-24 23:11:18,663+0530","service":"FyersAPI"}
{"level":"ERROR","location":"[get_call:165] fyersModel","message":{"API":"/history","Error":{"code":-300,"message":"Invalid symbol provided","s":"error"}},"timestamp":"2026-05-24 23:11:20,196+0530","service":"FyersAPI"}
{"level":"ERROR","location":"[get_call:165] fyersModel","message":{"API":"/history","Error":{"code":-300,"message":"Invalid symbol provided","s":"error"}},"timestamp":"2026-05-24 23:11:21,291+0530","service":"FyersAPI"}
{"level":"ERROR","location":"[get_call:165] fyersModel","message":{"API":"/history","Error":{"code":-300,"message":"Invalid symbol provided","s":"error"}},"timestamp":"2026-05-24 23:11:22,405+0530","service":"FyersAPI"}
{"level":"ERROR","location":"[get_call:165] fyersModel","message":{"API":"/history","Error":{"code":-300,"message":"Invalid symbol provided","s":"error"}},"timestamp":"2026-05-24 23:14:00,244+0530","service":"FyersAPI"}
{"level":"ERROR","location":"[get_call:165] fyersModel","message":{"API":"/history","Error":{"code":-300,"message":"Invalid symbol provided","s":"error"}},"timestamp":"2026-05-24 23:14:01,366+0530","service":"FyersAPI"}
{"level":"ERROR","location":"[get_call:165] fyersModel","message":{"API":"/history","Error":{"code":-300,"message":"Invalid symbol provided","s":"error"}},"timestamp":"2026-05-24 23:14:02,678+0530","service":"FyersAPI"}
{"level":"ERROR","location":"[get_call:165] fyersModel","message":{"API":"/history","Error":{"code":-300,"message":"Invalid symbol provided","s":"error"}},"timestamp":"2026-05-24 23:14:04,024+0530","service":"FyersAPI"}
{"level":"ERROR","location":"[get_call:165] fyersModel","message":{"API":"/history","Error":{"code":-300,"message":"Invalid symbol provided","s":"error"}},"timestamp":"2026-05-24 23:14:05,149+0530","service":"FyersAPI"}
{"level":"ERROR","location":"[get_call:165] fyersModel","message":{"API":"/history","Error":{"code":-300,"message":"Invalid symbol provided","s":"error"}},"timestamp":"2026-05-24 23:14:06,258+0530","service":"FyersAPI"}
{"level":"ERROR","location":"[get_call:165] fyersModel","message":{"API":"/history","Error":{"code":-300,"message":"Invalid symbol provided","s":"error"}},"timestamp":"2026-05-24 23:17:43,169+0530","service":"FyersAPI"}
{"level":"ERROR","location":"[get_call:165] fyersModel","message":{"API":"/history","Error":{"code":-300,"message":"Invalid symbol provided","s":"error"}},"timestamp":"2026-05-24 23:17:43,279+0530","service":"FyersAPI"}
{"level":"ERROR","location":"[get_call:165] fyersModel","message":{"API":"/history","Error":{"code":-300,"message":"Invalid symbol provided","s":"error"}},"timestamp":"2026-05-24 23:17:59,933+0530","service":"FyersAPI"}
{"level":"ERROR","location":"[get_call:165] fyersModel","message":{"API":"/history","Error":{"code":-300,"message":"Invalid symbol provided","s":"error"}},"timestamp":"2026-05-24 23:18:00,053+0530","service":"FyersAPI"}
{"level":"ERROR","location":"[get_call:165] fyersModel","message":{"API":"/history","Error":{"code":-300,"message":"Invalid symbol provided","s":"error"}},"timestamp":"2026-05-24 23:18:00,123+0530","service":"FyersAPI"}
{"level":"ERROR","location":"[get_call:165] fyersModel","message":{"API":"/history","Error":{"code":-300,"message":"Invalid symbol provided","s":"error"}},"timestamp":"2026-05-24 23:18:00,199+0530","service":"FyersAPI"}
{"level":"ERROR","location":"[get_call:165] fyersModel","message":{"API":"/history","Error":{"code":-300,"message":"Invalid symbol provided","s":"error"}},"timestamp":"2026-05-24 23:18:00,292+0530","service":"FyersAPI"}
{"level":"ERROR","location":"[get_call:165] fyersModel","message":{"API":"/history","Error":{"code":-300,"message":"Invalid symbol provided","s":"error"}},"timestamp":"2026-05-24 23:18:00,397+0530","service":"FyersAPI"}
{"level":"ERROR","location":"[get_call:165] fyersModel","message":{"API":"/history","Error":{"code":-300,"message":"Invalid symbol provided","s":"error"}},"timestamp":"2026-05-24 23:21:24,921+0530","service":"FyersAPI"}
{"level":"ERROR","location":"[get_call:165] fyersModel","message":{"API":"/history","Error":{"code":-50,"data":{"range_from":"range_from cannot be greater than current date"},"message":"Invalid input","s":"error"}},"timestamp":"2026-05-25 00:02:24,433+0530","service":"FyersAPI"}
{"level":"ERROR","location":"[get_call:165] fyersModel","message":{"API":"/history","Error":{"code":-50,"data":{"range_from":"range_from cannot be greater than current date"},"message":"Invalid input","s":"error"}},"timestamp":"2026-05-25 00:02:25,528+0530","service":"FyersAPI"}
{"level":"ERROR","location":"[get_call:165] fyersModel","message":{"API":"/history","Error":{"code":-50,"data":{"range_from":"range_from cannot be greater than current date"},"message":"Invalid input","s":"error"}},"timestamp":"2026-05-25 00:02:26,611+0530","service":"FyersAPI"}
{"level":"ERROR","location":"[get_call:165] fyersModel","message":{"API":"/history","Error":{"code":-50,"data":{"range_from":"range_from cannot be greater than current date"},"message":"Invalid input","s":"error"}},"timestamp":"2026-05-25 00:02:26,694+0530","service":"FyersAPI"}
{"level":"ERROR","location":"[get_call:165] fyersModel","message":{"API":"/history","Error":{"code":-50,"data":{"range_from":"range_from cannot be greater than current date"},"message":"Invalid input","s":"error"}},"timestamp":"2026-05-25 00:02:27,788+0530","service":"FyersAPI"}
{"level":"ERROR","location":"[get_call:165] fyersModel","message":{"API":"/history","Error":{"code":-50,"data":{"range_from":"range_from cannot be greater than current date"},"message":"Invalid input","s":"error"}},"timestamp":"2026-05-25 00:02:28,868+0530","service":"FyersAPI"}
{"level":"ERROR","location":"[get_call:165] fyersModel","message":{"API":"/history","Error":{"code":-50,"data":{"range_from":"range_from cannot be greater than current date"},"message":"Invalid input","s":"error"}},"timestamp":"2026-05-25 00:02:28,956+0530","service":"FyersAPI"}
{"level":"ERROR","location":"[get_call:165] fyersModel","message":{"API":"/history","Error":{"code":-50,"data":{"range_from":"range_from cannot be greater than current date"},"message":"Invalid input","s":"error"}},"timestamp":"2026-05-25 00:02:30,048+0530","service":"FyersAPI"}
{"level":"ERROR","location":"[get_call:165] fyersModel","message":{"API":"/history","Error":{"code":-50,"data":{"range_from":"range_from cannot be greater than current date"},"message":"Invalid input","s":"error"}},"timestamp":"2026-05-25 00:02:31,130+0530","service":"FyersAPI"}
{"level":"ERROR","location":"[get_call:165] fyersModel","message":{"API":"/history","Error":{"code":-50,"data":{"range_from":"range_from cannot be greater than current date"},"message":"Invalid input","s":"error"}},"timestamp":"2026-05-25 00:02:31,209+0530","service":"FyersAPI"}
{"level":"ERROR","location":"[get_call:165] fyersModel","message":{"API":"/history","Error":{"code":-50,"data":{"range_from":"range_from cannot be greater than current date"},"message":"Invalid input","s":"error"}},"timestamp":"2026-05-25 00:02:32,307+0530","service":"FyersAPI"}
{"level":"ERROR","location":"[get_call:165] fyersModel","message":{"API":"/history","Error":{"code":-50,"data":{"range_from":"range_from cannot be greater than current date"},"message":"Invalid input","s":"error"}},"timestamp":"2026-05-25 00:02:33,392+0530","service":"FyersAPI"}
{"level":"ERROR","location":"[get_call:165] fyersModel","message":{"API":"/history","Error":{"code":-50,"data":{"range_from":"range_from cannot be greater than current date"},"message":"Invalid input","s":"error"}},"timestamp":"2026-05-25 00:02:33,470+0530","service":"FyersAPI"}
{"level":"ERROR","location":"[get_call:165] fyersModel","message":{"API":"/history","Error":{"code":-50,"data":{"range_from":"range_from cannot be greater than current date"},"message":"Invalid input","s":"error"}},"timestamp":"2026-05-25 00:02:34,551+0530","service":"FyersAPI"}
{"level":"ERROR","location":"[get_call:165] fyersModel","message":{"API":"/history","Error":{"code":-50,"data":{"range_from":"range_from cannot be greater than current date"},"message":"Invalid input","s":"error"}},"timestamp":"2026-05-25 00:02:35,648+0530","service":"FyersAPI"}
{"level":"ERROR","location":"[get_call:165] fyersModel","message":{"API":"/history","Error":{"code":-50,"data":{"range_from":"range_from cannot be greater than current date"},"message":"Invalid input","s":"error"}},"timestamp":"2026-05-25 00:02:35,732+0530","service":"FyersAPI"}
{"level":"ERROR","location":"[get_call:165] fyersModel","message":{"API":"/history","Error":{"code":-50,"data":{"range_from":"range_from cannot be greater than current date"},"message":"Invalid input","s":"error"}},"timestamp":"2026-05-25 00:02:36,809+0530","service":"FyersAPI"}
{"level":"ERROR","location":"[get_call:165] fyersModel","message":{"API":"/history","Error":{"code":-50,"data":{"range_from":"range_from cannot be greater than current date"},"message":"Invalid input","s":"error"}},"timestamp":"2026-05-25 00:02:37,888+0530","service":"FyersAPI"}
{"level":"ERROR","location":"[get_call:165] fyersModel","message":{"API":"/history","Error":{"code":-50,"data":{"range_from":"range_from cannot be greater than current date"},"message":"Invalid input","s":"error"}},"timestamp":"2026-05-25 00:02:37,970+0530","service":"FyersAPI"}
{"level":"ERROR","location":"[get_call:165] fyersModel","message":{"API":"/history","Error":{"code":-50,"data":{"range_from":"range_from cannot be greater than current date"},"message":"Invalid input","s":"error"}},"timestamp":"2026-05-25 00:02:39,049+0530","service":"FyersAPI"}
{"level":"ERROR","location":"[get_call:165] fyersModel","message":{"API":"/history","Error":{"code":-50,"data":{"range_from":"range_from cannot be greater than current date"},"message":"Invalid input","s":"error"}},"timestamp":"2026-05-25 00:02:40,157+0530","service":"FyersAPI"}
{"level":"ERROR","location":"[get_call:165] fyersModel","message":{"API":"/history","Error":{"code":-50,"data":{"range_from":"range_from cannot be greater than current date"},"message":"Invalid input","s":"error"}},"timestamp":"2026-05-25 00:02:40,233+0530","service":"FyersAPI"}
{"level":"ERROR","location":"[get_call:165] fyersModel","message":{"API":"/history","Error":{"code":-50,"data":{"range_from":"range_from cannot be greater than current date"},"message":"Invalid input","s":"error"}},"timestamp":"2026-05-25 00:02:41,308+0530","service":"FyersAPI"}
{"level":"ERROR","location":"[get_call:165] fyersModel","message":{"API":"/history","Error":{"code":-50,"data":{"range_from":"range_from cannot be greater than current date"},"message":"Invalid input","s":"error"}},"timestamp":"2026-05-25 00:02:42,408+0530","service":"FyersAPI"}
{"level":"ERROR","location":"[get_call:165] fyersModel","message":{"API":"/history","Error":{"code":-50,"data":{"range_from":"range_from cannot be greater than current date"},"message":"Invalid input","s":"error"}},"timestamp":"2026-05-25 00:02:42,487+0530","service":"FyersAPI"}
{"level":"ERROR","location":"[get_call:165] fyersModel","message":{"API":"/history","Error":{"code":-50,"data":{"range_from":"range_from cannot be greater than current date"},"message":"Invalid input","s":"error"}},"timestamp":"2026-05-25 00:02:43,570+0530","service":"FyersAPI"}
{"level":"ERROR","location":"[get_call:165] fyersModel","message":{"API":"/history","Error":{"code":-50,"data":{"range_from":"range_from cannot be greater than current date"},"message":"Invalid input","s":"error"}},"timestamp":"2026-05-25 00:02:44,672+0530","service":"FyersAPI"}
{"level":"ERROR","location":"[get_call:165] fyersModel","message":{"API":"/history","Error":{"code":-50,"data":{"range_from":"range_from cannot be greater than current date"},"message":"Invalid input","s":"error"}},"timestamp":"2026-05-25 00:02:44,749+0530","service":"FyersAPI"}
{"level":"ERROR","location":"[get_call:165] fyersModel","message":{"API":"/history","Error":{"code":-50,"data":{"range_from":"range_from cannot be greater than current date"},"message":"Invalid input","s":"error"}},"timestamp":"2026-05-25 00:02:45,832+0530","service":"FyersAPI"}
{"level":"ERROR","location":"[get_call:165] fyersModel","message":{"API":"/history","Error":{"code":-50,"data":{"range_from":"range_from cannot be greater than current date"},"message":"Invalid input","s":"error"}},"timestamp":"2026-05-25 00:02:46,926+0530","service":"FyersAPI"}
{"level":"ERROR","location":"[get_call:165] fyersModel","message":{"API":"/history","Error":{"code":-50,"data":{"range_from":"range_from cannot be greater than current date"},"message":"Invalid input","s":"error"}},"timestamp":"2026-05-25 00:02:47,007+0530","service":"FyersAPI"}
{"level":"ERROR","location":"[get_call:165] fyersModel","message":{"API":"/history","Error":{"code":-50,"data":{"range_from":"range_from cannot be greater than current date"},"message":"Invalid input","s":"error"}},"timestamp":"2026-05-25 00:02:48,092+0530","service":"FyersAPI"}
{"level":"ERROR","location":"[get_call:165] fyersModel","message":{"API":"/history","Error":{"code":-50,"data":{"range_from":"range_from cannot be greater than current date"},"message":"Invalid input","s":"error"}},"timestamp":"2026-05-25 00:02:49,170+0530","service":"FyersAPI"}
{"level":"ERROR","location":"[get_call:165] fyersModel","message":{"API":"/history","Error":{"code":-50,"data":{"range_from":"range_from cannot be greater than current date"},"message":"Invalid input","s":"error"}},"timestamp":"2026-05-25 00:02:49,249+0530","service":"FyersAPI"}
{"level":"ERROR","location":"[get_call:165] fyersModel","message":{"API":"/history","Error":{"code":-50,"data":{"range_from":"range_from cannot be greater than current date"},"message":"Invalid input","s":"error"}},"timestamp":"2026-05-25 00:02:50,349+0530","service":"FyersAPI"}
{"level":"ERROR","location":"[get_call:165] fyersModel","message":{"API":"/history","Error":{"code":-50,"data":{"range_from":"range_from cannot be greater than current date"},"message":"Invalid input","s":"error"}},"timestamp":"2026-05-25 00:02:51,429+0530","service":"FyersAPI"}
{"level":"ERROR","location":"[get_call:165] fyersModel","message":{"API":"/history","Error":{"code":-50,"data":{"range_from":"range_from cannot be greater than current date"},"message":"Invalid input","s":"error"}},"timestamp":"2026-05-25 00:02:51,510+0530","service":"FyersAPI"}
{"level":"ERROR","location":"[get_call:165] fyersModel","message":{"API":"/history","Error":{"code":-50,"data":{"range_from":"range_from cannot be greater than current date"},"message":"Invalid input","s":"error"}},"timestamp":"2026-05-25 00:02:52,594+0530","service":"FyersAPI"}
{"level":"ERROR","location":"[get_call:165] fyersModel","message":{"API":"/history","Error":{"code":-50,"data":{"range_from":"range_from cannot be greater than current date"},"message":"Invalid input","s":"error"}},"timestamp":"2026-05-25 00:02:53,674+0530","service":"FyersAPI"}
{"level":"ERROR","location":"[get_call:165] fyersModel","message":{"API":"/history","Error":{"code":-50,"data":{"range_from":"range_from cannot be greater than current date"},"message":"Invalid input","s":"error"}},"timestamp":"2026-05-25 00:02:53,751+0530","service":"FyersAPI"}
{"level":"ERROR","location":"[get_call:165] fyersModel","message":{"API":"/history","Error":{"code":-50,"data":{"range_from":"range_from cannot be greater than current date"},"message":"Invalid input","s":"error"}},"timestamp":"2026-05-25 00:02:54,844+0530","service":"FyersAPI"}
{"level":"ERROR","location":"[get_call:165] fyersModel","message":{"API":"/history","Error":{"code":-50,"data":{"range_from":"range_from cannot be greater than current date"},"message":"Invalid input","s":"error"}},"timestamp":"2026-05-25 00:02:55,931+0530","service":"FyersAPI"}
{"level":"ERROR","location":"[get_call:165] fyersModel","message":{"API":"/history","Error":{"code":-50,"data":{"range_from":"range_from cannot be greater than current date"},"message":"Invalid input","s":"error"}},"timestamp":"2026-05-25 00:02:56,010+0530","service":"FyersAPI"}
{"level":"ERROR","location":"[get_call:165] fyersModel","message":{"API":"/history","Error":{"code":-50,"data":{"range_from":"range_from cannot be greater than current date"},"message":"Invalid input","s":"error"}},"timestamp":"2026-05-25 00:02:57,090+0530","service":"FyersAPI"}
{"level":"ERROR","location":"[get_call:165] fyersModel","message":{"API":"/history","Error":{"code":-50,"data":{"range_from":"range_from cannot be greater than current date"},"message":"Invalid input","s":"error"}},"timestamp":"2026-05-25 00:02:58,188+0530","service":"FyersAPI"}
{"level":"ERROR","location":"[get_call:165] fyersModel","message":{"API":"/history","Error":{"code":-50,"data":{"range_from":"range_from cannot be greater than current date"},"message":"Invalid input","s":"error"}},"timestamp":"2026-05-25 00:02:58,269+0530","service":"FyersAPI"}
{"level":"ERROR","location":"[get_call:165] fyersModel","message":{"API":"/history","Error":{"code":-50,"data":{"range_from":"range_from cannot be greater than current date"},"message":"Invalid input","s":"error"}},"timestamp":"2026-05-25 00:02:59,349+0530","service":"FyersAPI"}
{"level":"ERROR","location":"[get_call:165] fyersModel","message":{"API":"/history","Error":{"code":-50,"data":{"range_from":"range_from cannot be greater than current date"},"message":"Invalid input","s":"error"}},"timestamp":"2026-05-25 00:03:00,447+0530","service":"FyersAPI"}
{"level":"ERROR","location":"[get_call:165] fyersModel","message":{"API":"/history","Error":{"code":-50,"data":{"range_from":"range_from cannot be greater than current date"},"message":"Invalid input","s":"error"}},"timestamp":"2026-05-25 00:03:00,526+0530","service":"FyersAPI"}
{"level":"ERROR","location":"[get_call:165] fyersModel","message":{"API":"/history","Error":{"code":-50,"data":{"range_from":"range_from cannot be greater than current date"},"message":"Invalid input","s":"error"}},"timestamp":"2026-05-25 00:03:01,609+0530","service":"FyersAPI"}
{"level":"ERROR","location":"[get_call:165] fyersModel","message":{"API":"/history","Error":{"code":-50,"data":{"range_from":"range_from cannot be greater than current date"},"message":"Invalid input","s":"error"}},"timestamp":"2026-05-25 00:03:02,709+0530","service":"FyersAPI"}
{"level":"ERROR","location":"[get_call:165] fyersModel","message":{"API":"/history","Error":{"code":-50,"data":{"range_from":"range_from cannot be greater than current date"},"message":"Invalid input","s":"error"}},"timestamp":"2026-05-25 00:03:02,794+0530","service":"FyersAPI"}
{"level":"ERROR","location":"[get_call:165] fyersModel","message":{"API":"/history","Error":{"code":-50,"data":{"range_from":"range_from cannot be greater than current date"},"message":"Invalid input","s":"error"}},"timestamp":"2026-05-25 00:03:03,874+0530","service":"FyersAPI"}
{"level":"ERROR","location":"[get_call:165] fyersModel","message":{"API":"/history","Error":{"code":-50,"data":{"range_from":"range_from cannot be greater than current date"},"message":"Invalid input","s":"error"}},"timestamp":"2026-05-25 00:03:04,970+0530","service":"FyersAPI"}
{"level":"ERROR","location":"[get_call:165] fyersModel","message":{"API":"/history","Error":{"code":-50,"data":{"range_from":"range_from cannot be greater than current date"},"message":"Invalid input","s":"error"}},"timestamp":"2026-05-25 00:03:05,048+0530","service":"FyersAPI"}
{"level":"ERROR","location":"[get_call:165] fyersModel","message":{"API":"/history","Error":{"code":-50,"data":{"range_from":"range_from cannot be greater than current date"},"message":"Invalid input","s":"error"}},"timestamp":"2026-05-25 00:03:06,173+0530","service":"FyersAPI"}
{"level":"ERROR","location":"[get_call:165] fyersModel","message":{"API":"/history","Error":{"code":-50,"data":{"range_from":"range_from cannot be greater than current date"},"message":"Invalid input","s":"error"}},"timestamp":"2026-05-25 00:03:07,245+0530","service":"FyersAPI"}
{"level":"ERROR","location":"[get_call:165] fyersModel","message":{"API":"/history","Error":{"code":-50,"data":{"range_from":"range_from cannot be greater than current date"},"message":"Invalid input","s":"error"}},"timestamp":"2026-05-25 00:03:07,327+0530","service":"FyersAPI"}
{"level":"ERROR","location":"[get_call:165] fyersModel","message":{"API":"/history","Error":{"code":-50,"data":{"range_from":"range_from cannot be greater than current date"},"message":"Invalid input","s":"error"}},"timestamp":"2026-05-25 00:03:08,407+0530","service":"FyersAPI"}
{"level":"ERROR","location":"[get_call:165] fyersModel","message":{"API":"/history","Error":{"code":-50,"data":{"range_from":"range_from cannot be greater than current date"},"message":"Invalid input","s":"error"}},"timestamp":"2026-05-25 00:03:09,491+0530","service":"FyersAPI"}
{"level":"ERROR","location":"[get_call:165] fyersModel","message":{"API":"/history","Error":{"code":-50,"data":{"range_from":"range_from cannot be greater than current date"},"message":"Invalid input","s":"error"}},"timestamp":"2026-05-25 00:03:09,567+0530","service":"FyersAPI"}
{"level":"ERROR","location":"[get_call:165] fyersModel","message":{"API":"/history","Error":{"code":-50,"data":{"range_from":"range_from cannot be greater than current date"},"message":"Invalid input","s":"error"}},"timestamp":"2026-05-25 00:03:10,648+0530","service":"FyersAPI"}
{"level":"ERROR","location":"[get_call:165] fyersModel","message":{"API":"/history","Error":{"code":-50,"data":{"range_from":"range_from cannot be greater than current date"},"message":"Invalid input","s":"error"}},"timestamp":"2026-05-25 00:03:11,721+0530","service":"FyersAPI"}
{"level":"ERROR","location":"[get_call:165] fyersModel","message":{"API":"/history","Error":{"code":-50,"data":{"range_from":"range_from cannot be greater than current date"},"message":"Invalid input","s":"error"}},"timestamp":"2026-05-25 00:03:11,793+0530","service":"FyersAPI"}
{"level":"ERROR","location":"[get_call:165] fyersModel","message":{"API":"/history","Error":{"code":-50,"data":{"range_from":"range_from cannot be greater than current date"},"message":"Invalid input","s":"error"}},"timestamp":"2026-05-25 00:03:12,866+0530","service":"FyersAPI"}
{"level":"ERROR","location":"[get_call:165] fyersModel","message":{"API":"/history","Error":{"code":-50,"data":{"range_from":"range_from cannot be greater than current date"},"message":"Invalid input","s":"error"}},"timestamp":"2026-05-25 00:03:13,951+0530","service":"FyersAPI"}
{"level":"ERROR","location":"[get_call:165] fyersModel","message":{"API":"/history","Error":{"code":-50,"data":{"range_from":"range_from cannot be greater than current date"},"message":"Invalid input","s":"error"}},"timestamp":"2026-05-25 00:03:14,029+0530","service":"FyersAPI"}
{"level":"ERROR","location":"[get_call:165] fyersModel","message":{"API":"/history","Error":{"code":-50,"data":{"range_from":"range_from cannot be greater than current date"},"message":"Invalid input","s":"error"}},"timestamp":"2026-05-25 00:03:15,104+0530","service":"FyersAPI"}
{"level":"ERROR","location":"[get_call:165] fyersModel","message":{"API":"/history","Error":{"code":-50,"data":{"range_from":"range_from cannot be greater than current date"},"message":"Invalid input","s":"error"}},"timestamp":"2026-05-25 00:03:16,186+0530","service":"FyersAPI"}
{"level":"ERROR","location":"[get_call:165] fyersModel","message":{"API":"/history","Error":{"code":-50,"data":{"range_from":"range_from cannot be greater than current date"},"message":"Invalid input","s":"error"}},"timestamp":"2026-05-25 00:03:16,274+0530","service":"FyersAPI"}
{"level":"ERROR","location":"[get_call:165] fyersModel","message":{"API":"/history","Error":{"code":-16,"message":"Could not authenticate the user","s":"error"}},"timestamp":"2026-05-25 20:08:06,623+0530","service":"FyersAPI"}
{"level":"ERROR","location":"[get_call:165] fyersModel","message":{"API":"/history","Error":{"code":-16,"message":"Could not authenticate the user","s":"error"}},"timestamp":"2026-05-25 20:08:07,732+0530","service":"FyersAPI"}
{"level":"ERROR","location":"[get_call:165] fyersModel","message":{"API":"/history","Error":{"code":-16,"message":"Could not authenticate the user","s":"error"}},"timestamp":"2026-05-25 20:08:08,811+0530","service":"FyersAPI"}
{"level":"ERROR","location":"[get_call:165] fyersModel","message":{"API":"/history","Error":{"code":-16,"message":"Could not authenticate the user","s":"error"}},"timestamp":"2026-05-25 20:08:08,887+0530","service":"FyersAPI"}
{"level":"ERROR","location":"[get_call:165] fyersModel","message":{"API":"/history","Error":{"code":-16,"message":"Could not authenticate the user","s":"error"}},"timestamp":"2026-05-25 20:08:09,977+0530","service":"FyersAPI"}
{"level":"ERROR","location":"[get_call:165] fyersModel","message":{"API":"/history","Error":{"code":-16,"message":"Could not authenticate the user","s":"error"}},"timestamp":"2026-05-25 20:08:11,149+0530","service":"FyersAPI"}
{"level":"ERROR","location":"[get_call:165] fyersModel","message":{"API":"/history","Error":{"code":-16,"message":"Could not authenticate the user","s":"error"}},"timestamp":"2026-05-25 20:08:11,302+0530","service":"FyersAPI"}
{"level":"ERROR","location":"[get_call:165] fyersModel","message":{"API":"/history","Error":{"code":-16,"message":"Could not authenticate the user","s":"error"}},"timestamp":"2026-05-25 20:08:12,482+0530","service":"FyersAPI"}
{"level":"ERROR","location":"[get_call:165] fyersModel","message":{"API":"/history","Error":{"code":-16,"message":"Could not authenticate the user","s":"error"}},"timestamp":"2026-05-25 20:08:13,571+0530","service":"FyersAPI"}
{"level":"ERROR","location":"[get_call:165] fyersModel","message":{"API":"/history","Error":{"code":-16,"message":"Could not authenticate the user","s":"error"}},"timestamp":"2026-05-25 20:08:13,647+0530","service":"FyersAPI"}
{"level":"ERROR","location":"[get_call:165] fyersModel","message":{"API":"/history","Error":{"code":-16,"message":"Could not authenticate the user","s":"error"}},"timestamp":"2026-05-25 20:08:14,731+0530","service":"FyersAPI"}
{"level":"ERROR","location":"[get_call:165] fyersModel","message":{"API":"/history","Error":{"code":-16,"message":"Could not authenticate the user","s":"error"}},"timestamp":"2026-05-25 20:08:15,817+0530","service":"FyersAPI"}
{"level":"ERROR","location":"[get_call:165] fyersModel","message":{"API":"/history","Error":{"code":-16,"message":"Could not authenticate the user","s":"error"}},"timestamp":"2026-05-25 20:08:15,892+0530","service":"FyersAPI"}
{"level":"ERROR","location":"[get_call:165] fyersModel","message":{"API":"/history","Error":{"code":-16,"message":"Could not authenticate the user","s":"error"}},"timestamp":"2026-05-25 20:08:17,028+0530","service":"FyersAPI"}
{"level":"ERROR","location":"[get_call:165] fyersModel","message":{"API":"/profile","Error":{"s":"error","code":-8,"message":"Your token has expired. Please generate a token"}},"timestamp":"2026-05-25 20:13:11,708+0530","service":"FyersAPI"}
{"level":"ERROR","location":"[get_call:165] fyersModel","message":{"API":"/history","Error":{"code":-16,"message":"Could not authenticate the user","s":"error"}},"timestamp":"2026-05-25 20:13:11,789+0530","service":"FyersAPI"}
{"level":"ERROR","location":"[get_call:165] fyersModel","message":{"API":"/history","Error":{"code":-16,"message":"Could not authenticate the user","s":"error"}},"timestamp":"2026-05-25 20:13:12,896+0530","service":"FyersAPI"}
{"level":"ERROR","location":"[get_call:165] fyersModel","message":{"API":"/history","Error":{"code":-16,"message":"Could not authenticate the user","s":"error"}},"timestamp":"2026-05-25 20:13:13,960+0530","service":"FyersAPI"}
{"level":"ERROR","location":"[get_call:165] fyersModel","message":{"API":"/history","Error":{"code":-16,"message":"Could not authenticate the user","s":"error"}},"timestamp":"2026-05-25 20:13:14,052+0530","service":"FyersAPI"}
{"level":"ERROR","location":"[get_call:165] fyersModel","message":{"API":"/history","Error":{"code":-16,"message":"Could not authenticate the user","s":"error"}},"timestamp":"2026-05-25 20:13:15,167+0530","service":"FyersAPI"}
{"level":"ERROR","location":"[get_call:165] fyersModel","message":{"API":"/history","Error":{"code":-16,"message":"Could not authenticate the user","s":"error"}},"timestamp":"2026-05-25 20:13:16,249+0530","service":"FyersAPI"}
{"level":"ERROR","location":"[get_call:165] fyersModel","message":{"API":"/history","Error":{"code":-16,"message":"Could not authenticate the user","s":"error"}},"timestamp":"2026-05-25 20:13:16,330+0530","service":"FyersAPI"}
{"level":"ERROR","location":"[get_call:165] fyersModel","message":{"API":"/history","Error":{"code":-16,"message":"Could not authenticate the user","s":"error"}},"timestamp":"2026-05-25 20:13:17,413+0530","service":"FyersAPI"}
{"level":"ERROR","location":"[get_call:165] fyersModel","message":{"API":"/history","Error":{"code":-16,"message":"Could not authenticate the user","s":"error"}},"timestamp":"2026-05-25 20:13:18,530+0530","service":"FyersAPI"}
{"level":"ERROR","location":"[get_call:165] fyersModel","message":{"API":"/history","Error":{"code":-16,"message":"Could not authenticate the user","s":"error"}},"timestamp":"2026-05-25 20:13:18,605+0530","service":"FyersAPI"}
{"level":"ERROR","location":"[get_call:165] fyersModel","message":{"API":"/history","Error":{"code":-16,"message":"Could not authenticate the user","s":"error"}},"timestamp":"2026-05-25 20:13:19,727+0530","service":"FyersAPI"}
{"level":"ERROR","location":"[get_call:165] fyersModel","message":{"API":"/history","Error":{"code":-16,"message":"Could not authenticate the user","s":"error"}},"timestamp":"2026-05-25 20:13:20,848+0530","service":"FyersAPI"}
{"level":"ERROR","location":"[get_call:165] fyersModel","message":{"API":"/history","Error":{"code":-16,"message":"Could not authenticate the user","s":"error"}},"timestamp":"2026-05-25 20:13:20,935+0530","service":"FyersAPI"}
{"level":"ERROR","location":"[get_call:165] fyersModel","message":{"API":"/history","Error":{"code":-16,"message":"Could not authenticate the user","s":"error"}},"timestamp":"2026-05-25 20:13:22,055+0530","service":"FyersAPI"}
{"level":"ERROR","location":"[get_call:165] fyersModel","message":{"API":"/history","Error":{"code":-16,"message":"Could not authenticate the user","s":"error"}},"timestamp":"2026-05-25 20:13:23,126+0530","service":"FyersAPI"}
{"level":"ERROR","location":"[get_call:165] fyersModel","message":{"API":"/history","Error":{"code":-16,"message":"Could not authenticate the user","s":"error"}},"timestamp":"2026-05-25 20:13:23,205+0530","service":"FyersAPI"}
{"level":"ERROR","location":"[get_call:165] fyersModel","message":{"API":"/history","Error":{"code":-16,"message":"Could not authenticate the user","s":"error"}},"timestamp":"2026-05-25 20:13:24,350+0530","service":"FyersAPI"}
{"level":"ERROR","location":"[get_call:165] fyersModel","message":{"API":"/history","Error":{"code":-16,"message":"Could not authenticate the user","s":"error"}},"timestamp":"2026-05-25 20:13:25,452+0530","service":"FyersAPI"}
{"level":"ERROR","location":"[get_call:165] fyersModel","message":{"API":"/history","Error":{"code":-16,"message":"Could not authenticate the user","s":"error"}},"timestamp":"2026-05-25 20:13:25,529+0530","service":"FyersAPI"}
{"level":"ERROR","location":"[get_call:165] fyersModel","message":{"API":"/history","Error":{"code":-16,"message":"Could not authenticate the user","s":"error"}},"timestamp":"2026-05-25 20:13:26,606+0530","service":"FyersAPI"}
{"level":"ERROR","location":"[get_call:165] fyersModel","message":{"API":"/history","Error":{"code":-16,"message":"Could not authenticate the user","s":"error"}},"timestamp":"2026-05-25 20:13:27,688+0530","service":"FyersAPI"}
{"level":"ERROR","location":"[get_call:165] fyersModel","message":{"API":"/history","Error":{"code":-16,"message":"Could not authenticate the user","s":"error"}},"timestamp":"2026-05-25 20:13:27,753+0530","service":"FyersAPI"}
{"level":"ERROR","location":"[get_call:165] fyersModel","message":{"API":"/history","Error":{"code":-16,"message":"Could not authenticate the user","s":"error"}},"timestamp":"2026-05-25 20:13:28,845+0530","service":"FyersAPI"}
{"level":"ERROR","location":"[get_call:165] fyersModel","message":{"API":"/history","Error":{"code":-16,"message":"Could not authenticate the user","s":"error"}},"timestamp":"2026-05-25 20:13:29,939+0530","service":"FyersAPI"}
{"level":"ERROR","location":"[get_call:165] fyersModel","message":{"API":"/history","Error":{"code":-16,"message":"Could not authenticate the user","s":"error"}},"timestamp":"2026-05-25 20:13:30,030+0530","service":"FyersAPI"}
{"level":"ERROR","location":"[get_call:165] fyersModel","message":{"API":"/history","Error":{"code":-16,"message":"Could not authenticate the user","s":"error"}},"timestamp":"2026-05-25 20:13:31,107+0530","service":"FyersAPI"}
{"level":"ERROR","location":"[get_call:165] fyersModel","message":{"API":"/history","Error":{"code":-16,"message":"Could not authenticate the user","s":"error"}},"timestamp":"2026-05-25 20:13:32,207+0530","service":"FyersAPI"}
{"level":"ERROR","location":"[get_call:165] fyersModel","message":{"API":"/history","Error":{"code":-16,"message":"Could not authenticate the user","s":"error"}},"timestamp":"2026-05-25 20:13:32,287+0530","service":"FyersAPI"}
{"level":"ERROR","location":"[get_call:165] fyersModel","message":{"API":"/history","Error":{"code":-16,"message":"Could not authenticate the user","s":"error"}},"timestamp":"2026-05-25 20:13:33,370+0530","service":"FyersAPI"}
{"level":"ERROR","location":"[get_call:165] fyersModel","message":{"API":"/history","Error":{"code":-16,"message":"Could not authenticate the user","s":"error"}},"timestamp":"2026-05-25 20:13:34,447+0530","service":"FyersAPI"}
{"level":"ERROR","location":"[get_call:165] fyersModel","message":{"API":"/history","Error":{"code":-16,"message":"Could not authenticate the user","s":"error"}},"timestamp":"2026-05-25 20:13:34,570+0530","service":"FyersAPI"}
{"level":"ERROR","location":"[get_call:165] fyersModel","message":{"API":"/history","Error":{"code":-16,"message":"Could not authenticate the user","s":"error"}},"timestamp":"2026-05-25 20:13:35,658+0530","service":"FyersAPI"}
{"level":"ERROR","location":"[get_call:165] fyersModel","message":{"API":"/history","Error":{"code":-16,"message":"Could not authenticate the user","s":"error"}},"timestamp":"2026-05-25 20:13:36,767+0530","service":"FyersAPI"}
{"level":"ERROR","location":"[get_call:165] fyersModel","message":{"API":"/history","Error":{"code":-16,"message":"Could not authenticate the user","s":"error"}},"timestamp":"2026-05-25 20:13:36,834+0530","service":"FyersAPI"}
{"level":"ERROR","location":"[get_call:165] fyersModel","message":{"API":"/history","Error":{"code":-16,"message":"Could not authenticate the user","s":"error"}},"timestamp":"2026-05-25 20:15:25,169+0530","service":"FyersAPI"}
